64000000 T _fw_start
6400002c T _try_lottery
6400008c T _relocate_done
640000a4 T _bss_zero
6400017c T _scratch_init
640002dc T _fdt_reloc_again
640002f0 T _fdt_reloc_done
64000308 T _wait_for_boot_hart
64000328 T _start_warm
640003b8 T _skip_trap_handler_hyp
640003d0 T _hartid_to_scratch
64000400 T _start_hang
64000410 T _trap_handler
640005a0 T _trap_handler_hyp
64000748 T _reset_regs
640007b8 T fw_boot_hart
640007c0 T fw_save_info
640007c8 T fw_next_arg1
640007e0 T fw_next_addr
640007f0 T fw_next_mode
640007f8 T fw_options
64000800 T _thead_tlb_flush_fixup_trap_handler
64000810 T memcpy
64000818 T memset
64000820 T memmove
64000828 T memcmp
64000830 T __ae350_disable_coherency
64000840 T check_cm_disabled
64000858 T __ae350_enable_coherency
64000870 T check_cm_enabled
64000880 T enable_L1_cache
64000888 T __ae350_enable_coherency_warmboot
64000898 T __sbi_hfence_gvma_vmid_gpa
640008a0 T __sbi_hfence_gvma_vmid
640008a8 T __sbi_hfence_gvma_gpa
640008b0 T __sbi_hfence_gvma_all
640008b8 T __sbi_hfence_vvma_asid_va
640008c0 T __sbi_hfence_vvma_asid
640008c8 T __sbi_hfence_vvma_va
640008d0 T __sbi_hfence_vvma_all
640008d8 T __sbi_expected_trap
64000908 T __sbi_expected_trap_hext
6400094c T sbi_init
64001448 T sbi_entry_count
640014b0 T sbi_init_count
64001518 T sbi_exit
640015d4 T sbi_ipi_process_smode
640015f0 T sbi_ipi_update_halt
64001610 T sbi_ipi_process_halt
64001638 T sbi_ipi_send_many
64001998 T sbi_ipi_event_create
64001a10 T sbi_ipi_send_smode
64001a40 T sbi_ipi_clear_smode
64001a5c T sbi_ipi_send_halt
64001a8c T sbi_ipi_process
64001b3c T sbi_ipi_raw_send
64001b90 T sbi_ipi_raw_clear
64001bd4 T sbi_ipi_get_device
64001bf4 T sbi_ipi_set_device
64001c30 T sbi_ipi_init
64001dd8 T sbi_ipi_exit
64001e00 T default_irqfn
64001e1c T sbi_irqchip_process
64001e48 T sbi_irqchip_add_device
64001e8c T sbi_irqchip_init
64001f3c T sbi_irqchip_exit
64001f74 T sbi_platform_get_features_str
64002064 T pmu_event_validate
64002134 T pmu_update_inhibit_flags
640021ac T pmu_sse_complete
640021cc T pmu_fixed_ctr_update_inhibit_bits
6400230c T pmu_add_hw_event_map
640024b8 T pmu_ctr_start_hw
640026a8 T sbi_pmu_ctr_fw_read
640027c4 T sbi_pmu_add_hw_event_counter_map
64002810 T sbi_pmu_add_raw_event_counter_map
64002850 T sbi_pmu_ovf_irq
64002880 T sbi_pmu_irq_bit
640028d4 T pmu_sse_disable
64002948 T pmu_sse_enable
640029a4 T sbi_pmu_ctr_start
64002cb4 T sbi_pmu_ctr_stop
64002fe0 T sbi_pmu_ctr_cfg_match
640037d4 T sbi_pmu_ctr_incr_fw
640038a0 T sbi_pmu_num_ctr
640038c4 T sbi_pmu_ctr_get_info
640039f4 T sbi_pmu_event_get_info
64003bd8 T sbi_pmu_get_device
64003bf8 T sbi_pmu_set_device
64003c34 T sbi_pmu_exit
64003d08 T sbi_pmu_init
64003f34 T dbtr_trigger_enable
64004018 T sbi_dbtr_init
64004254 T sbi_dbtr_get_total_triggers
640042b0 T sbi_dbtr_setup_shmem
6400441c T sbi_dbtr_num_trig
640044e4 T sbi_dbtr_read_trig
6400461c T sbi_dbtr_install_trig
6400495c T sbi_dbtr_uninstall_trig
64004a8c T sbi_dbtr_enable_trig
64004b9c T sbi_dbtr_update_trig
64004d00 T sbi_dbtr_disable_trig
64004e30 T sbi_mpxy_channel_available
64004e5c T sbi_mpxy_register_channel
64004f54 T sbi_mpxy_init
64004fd4 T sbi_mpxy_set_shmem
6400512c T sbi_mpxy_get_channel_ids
64005280 T sbi_mpxy_read_attrs
640053d8 T sbi_mpxy_write_attrs
64005644 T sbi_mpxy_send_message
640057e8 T sbi_mpxy_get_notification_events
640058d0 T sbi_hartid_to_hartindex
64005928 T sbi_scratch_init
64005a08 T sbi_scratch_alloc_offset
64005b04 T sbi_scratch_free_offset
64005b1c T sbi_scratch_used_space
64005b68 T sse_event_disable
64005c00 T sse_event_get
64005cb4 T sse_ipi_inject_process
64005d5c T sse_inject_event
64005ec4 T sbi_sse_process_pending_events
640060d0 T sbi_sse_complete
640062b4 T sbi_sse_enable
640064c8 T sbi_sse_disable
640065e8 T sbi_sse_hart_mask
6400663c T sbi_sse_hart_unmask
6400668c T sbi_sse_inject_from_ecall
64006708 T sbi_sse_inject_event
64006730 T sbi_sse_set_cb_ops
6400679c T sbi_sse_attr_check
64006850 T sbi_sse_read_attrs
64006944 T sbi_sse_write_attrs
64006c1c T sbi_sse_register
64006d38 T sbi_sse_unregister
64006df0 T sbi_sse_init
640070ac T sbi_sse_exit
6400716c T sbi_strcmp
640071b0 T sbi_strncmp
6400720c T sbi_strlen
64007254 T sbi_strnlen
640072a8 T sbi_strncpy
640072e8 T sbi_strchr
64007320 T sbi_strrchr
640073b4 T sbi_memset
640073e8 T sbi_memcpy
64007420 T sbi_memmove
64007494 T sbi_memcmp
640074e4 T sbi_memchr
64007534 T sbi_system_suspend_test_check
64007558 T sbi_system_suspend_test_suspend
640075a8 T sbi_system_reset_get_device
6400766c T sbi_system_reset_add_device
640076b0 T sbi_system_reset_supported
6400776c T sbi_system_reset
640077f0 T sbi_system_suspend_get_device
64007810 T sbi_system_suspend_set_device
6400784c T sbi_system_suspend_test_enable
64007880 T sbi_system_suspend_supported
640078d0 T sbi_system_suspend
64007b4c T get_ticks
64007b74 T nop_delay_fn
64007b90 T sbi_timer_delay_loop
64007cc4 T sbi_timer_value
64007d00 T sbi_timer_virt_value
64007d70 T sbi_timer_get_delta
64007da0 T sbi_timer_set_delta
64007dcc T sbi_timer_set_delta_upper
64007df8 T sbi_timer_event_start
64007ea0 T sbi_timer_process
64007ee0 T sbi_timer_get_device
64007f00 T sbi_timer_set_device
64007f50 T sbi_timer_init
64008054 T sbi_timer_exit
640080b0 T tlb_entry_local_process
64008420 T tlb_entry_process
640084f0 T tlb_update
6400865c T tlb_process
640086c4 T tlb_sync
64008758 T tlb_update_cb
64008838 T sbi_tlb_request
640088dc T sbi_tlb_init
64008b28 T sbi_trap_redirect
64008d88 T sbi_trap_handler
64009428 T sbi_ld_access_emulator
640094d4 T sbi_st_access_emulator
64009584 T sbi_misaligned_ld_emulator
64009674 T sbi_trap_emulate_load
64009908 T sbi_trap_emulate_store
64009ac0 T sbi_misaligned_st_emulator
64009bb8 T sbi_misaligned_tinst_fixup
64009c14 T sbi_misaligned_load_handler
64009c40 T sbi_misaligned_store_handler
64009c6c T sbi_load_access_handler
64009c98 T sbi_store_access_handler
64009cc4 T sbi_misaligned_v_ld_emulator
6400a700 T sbi_misaligned_v_st_emulator
6400afa4 T sbi_load_u8
6400aff0 T sbi_store_u8
6400b040 T sbi_load_ulong
6400b08c T sbi_get_insn
6400b158 T sbi_cppc_get_device
6400b178 T sbi_cppc_set_device
6400b1b4 T sbi_cppc_probe
6400b214 T sbi_cppc_read
6400b2c4 T sbi_cppc_write
6400b3b4 T __udivdi3
6400b3dc T generic_vendor_ext_check
6400b40c T generic_vendor_ext_provider
6400b444 T generic_early_exit
6400b488 T generic_final_exit
6400b4cc T generic_tlbr_flush_limit
6400b524 T generic_tlb_num_entries
6400b578 T generic_mpxy_init
6400b5ac T generic_pmu_init
6400b614 T generic_domains_init
6400b6a8 T generic_final_init
6400b778 T generic_early_init
6400b848 T generic_nascent_init
6400b884 T generic_cold_boot_allowed
6400b924 T generic_pmu_xlate_to_mhpmevent
6400b984 T generic_extensions_init
6400b9f0 T fw_platform_init
6400be7c T ae350_final_init
6400beec T ae350_hart_stop
6400bfb0 T ae350_hart_start
6400c058 T andes_sbi_vendor_ext_provider
6400c17c T andes_hw_counter_disable_irq
6400c1a0 T andes_hw_counter_filter_mode
6400c1f4 T andes_hw_counter_enable_irq
6400c234 T andes_pmu_extensions_init
6400c2c8 T andes_pmu_init
6400c31c T sun20i_d1_extensions_init
6400c364 T sun20i_d1_fdt_fixup
6400c390 T sun20i_d1_hart_resume
6400c400 T sun20i_d1_hart_suspend
6400c4fc T sun20i_d1_final_init
6400c570 T misa_extension_imp
6400c600 T misa_xlen
6400c66c T misa_string
6400c880 T csr_read_num
6400cf78 T csr_write_num
6400d670 T pmp_disable
6400d6e8 T pmp_set
6400d820 T pmp_get
6400d97c T is_pmp_entry_mapped
6400d9d0 T atomic_read
6400d9f0 T atomic_write
6400da10 T atomic_add_return
6400da30 T atomic_sub_return
6400da54 T atomic_cmpxchg
6400da80 T atomic_xchg
6400dab4 T atomic_raw_xchg_ulong
6400dae8 T spin_lock
6400db28 T spin_unlock
6400db50 T sbi_ecall_version_major
6400db6c T sbi_ecall_version_minor
6400db88 T sbi_ecall_get_impid
6400dba8 T sbi_ecall_find_extension
6400dbf0 T sbi_ecall_get_extensions_str
6400dd18 T sbi_ecall_register_extension
6400dda4 T sbi_ecall_handler
6400df48 T sbi_ecall_init
6400dfc0 T sbi_ecall_time_handler
6400dffc T sbi_ecall_time_register_extensions
6400e028 T sbi_ecall_rfence_register_extensions
6400e054 T sbi_ecall_rfence_handler
6400e2bc T sbi_ecall_ipi_handler
6400e2f4 T sbi_ecall_ipi_register_extensions
6400e320 T sbi_ecall_base_handler
6400e43c T sbi_ecall_base_register_extensions
6400e468 T sbi_ecall_hsm_handler
6400e574 T sbi_ecall_hsm_register_extensions
6400e5a0 T sbi_ecall_srst_register_extensions
6400e614 T sbi_ecall_srst_handler
6400e69c T sbi_ecall_susp_handler
6400e6f4 T sbi_ecall_susp_register_extensions
6400e734 T sbi_ecall_pmu_handler
6400e8bc T sbi_ecall_pmu_register_extensions
6400e8e8 T sbi_ecall_dbcn_handler
6400e9d0 T sbi_ecall_dbcn_register_extensions
6400ea0c T sbi_ecall_cppc_handler
6400eae8 T sbi_ecall_cppc_register_extensions
6400eb24 T sbi_ecall_fwft_register_extensions
6400eb50 T sbi_ecall_fwft_handler
6400ebb0 T sbi_ecall_legacy_register_extensions
6400ebdc T sbi_ecall_legacy_handler
6400eefc T sbi_ecall_vendor_handler
6400ef4c T sbi_ecall_vendor_register_extensions
6400efd4 T sbi_ecall_dbtr_handler
6400f164 T sbi_ecall_dbtr_register_extensions
6400f198 T sbi_ecall_sse_handler
6400f284 T sbi_ecall_sse_register_extensions
6400f2b0 T sbi_ecall_mpxy_handler
6400f3d0 T sbi_ecall_mpxy_register_extensions
6400f40c T __bitmap_and
6400f464 T __bitmap_or
6400f4bc T find_first_bit
6400f5a4 T find_next_bit
6400f6c4 T nputs
6400f7f8 T printc
6400f8f8 T prints
6400fbc0 T printi
6400ff9c T print
64010444 T sbi_getc
64010484 T sbi_putc
640104c4 T sbi_nputs
64010528 T sbi_ngets
640105b4 T sbi_printf
64010634 T sbi_dprintf
640106e4 T sbi_panic
6401074c T sbi_snprintf
640107b0 T sbi_console_get_device
640107d0 T sbi_console_set_device
64010874 T sbi_hartindex_to_domain
640108d8 T sbi_domain_is_assigned_hart
6401096c T sbi_domain_get_assigned_hartmask
64010a0c T sbi_domain_memregion_init
64010abc T sbi_domain_check_addr
64010b98 T sanitize_domain
64010ed4 T sbi_domain_check_addr_range
640110b0 T sbi_domain_dump
640114fc T sbi_domain_dump_all
64011574 T sbi_domain_register
64011898 T sbi_domain_root_add_memrange
64011bf8 T sbi_domain_finalize
64011e34 T sbi_domain_init
64012164 T sbi_double_trap_handler
640121d4 T sbi_fifo_init
64012224 T sbi_fifo_inplace_update
64012330 T sbi_fifo_enqueue
64012494 T sbi_fifo_dequeue
640125c0 T fwft_set_misaligned_delegation
64012604 T fwft_get_misaligned_delegation
64012630 T fwft_set_double_trap
64012674 T fwft_get_double_trap
640126a0 T fwft_set_adue
640126e4 T fwft_get_adue
64012710 T fwft_enable_lpad
6401274c T fwft_get_lpad
64012778 T fwft_enable_sstack
640127b4 T fwft_get_sstack
640127e0 T fwft_adue_supported
6401281c T fwft_double_trap_supported
64012858 T fwft_sstack_supported
64012894 T fwft_lpad_supported
640128d0 T fwft_misaligned_delegation_supported
64012908 T fwft_get_feature
64012a00 T sbi_fwft_set
64012ab0 T sbi_fwft_get
64012afc T sbi_fwft_init
64012c24 T sbi_hart_get_smepmp_flags.isra.0
64012d04 T sbi_hart_delegation_dump
64012d78 T sbi_hart_mhpm_mask
64012da0 T sbi_hart_pmp_count
64012dc8 T sbi_hart_pmp_log2gran
64012df0 T sbi_hart_pmp_addrbits
64012e18 T sbi_hart_mhpm_bits
64012e40 T sbi_hart_map_saddr
64012f80 T sbi_hart_unmap_saddr
64012fc8 T sbi_hart_pmp_configure
64013280 T sbi_hart_priv_version
640132a8 T sbi_hart_get_priv_version_str
64013324 T sbi_hart_update_extension
64013394 T sbi_hart_has_extension
640133e0 T sbi_hart_get_extensions_str
64013548 T sbi_hart_reinit
64013898 T sbi_hart_init
640162fc T sbi_hart_hang
64016314 T sbi_hart_switch_mode
64016444 T alloc_with_align
64016688 T sbi_malloc_from
640166b4 T sbi_zalloc_from
6401670c T sbi_free_from
64016864 T sbi_heap_free_space_from
640168c8 T sbi_heap_used_space_from
64016944 T sbi_heap_reserved_space_from
64016960 T sbi_heap_init_new
64016aa4 T sbi_heap_init
64016b10 T log2roundup
64016b58 T sbi_hsm_hart_change_state
64016bc4 T __sbi_hsm_hart_get_state
64016c24 T sbi_hsm_hart_get_state
64016cb4 T sbi_hsm_hart_interruptible_mask
64016e24 T sbi_hsm_hart_start_finish
64016ec4 T sbi_hsm_get_device
64016ee4 T sbi_hsm_set_device
64016f20 T sbi_hsm_init
64017004 T sbi_hsm_exit
6401709c T sbi_hsm_hart_start
640172b8 T sbi_hsm_hart_stop
6401734c T __sbi_hsm_suspend_non_ret_save
640173b8 T sbi_hsm_hart_resume_start
6401742c T sbi_hsm_hart_resume_finish
640174ec T sbi_hsm_hart_suspend
6401771c T truly_illegal_insn
64017768 T misc_mem_opcode_insn
640177d8 T system_opcode_insn
640179cc T sbi_illegal_insn_handler
64017ab0 T fdt_timer_init
64017ae8 T timer_mtimer_cold_init
64017d74 T fdt_plmt_cold_timer_init
64017e04 T smu_set_wakeup_events
64017e44 T smu_support_sleep_mode
64017efc T smu_set_command
64017f3c T smu_set_reset_vector
64018008 T fdt_suspend_init
64018034 T rpmi_system_suspend_check
64018064 T rpmi_system_suspend
640180d8 T rpmi_suspend_init
64018188 T fdt_serial_init
64018258 T serial_cadence_init
640182ac T serial_gaisler_init
64018300 T serial_htif_init
640183d4 T serial_renesas_scif_init
64018428 T serial_shakti_init
6401847c T serial_sifive_init
640184d0 T serial_litex_init
64018540 T serial_uart8250_init
640185a0 T serial_xlnx_uartlite_init
640185ec T cadence_uart_putc
64018634 T cadence_uart_getc
64018684 T cadence_uart_init
6401878c T gaisler_uart_putc
640187d0 T gaisler_uart_getc
64018820 T gaisler_uart_init
640188ac T renesas_scif_putc
64018924 T renesas_scif_init
64018a40 T shakti_uart_putc
64018a8c T shakti_uart_getc
64018ae4 T shakti_uart_init
64018b38 T sifive_uart_putc
64018b74 T sifive_uart_getc
64018bb0 T sifive_uart_init
64018c74 T litex_uart_putc
64018cb8 T litex_uart_getc
64018d1c T litex_uart_init
64018d6c T get_reg
64018df0 T set_reg
64018e80 T uart8250_putc
64018f28 T uart8250_getc
6401900c T uart8250_init
64019134 T xlnx_uartlite_putc
64019180 T xlnx_uartlite_getc
640191d4 T xlnx_uartlite_init
64019210 T semihosting_puts
640192f0 T semihosting_getc
640193b0 T semihosting_enabled
640193f0 T _semihost_test_vector
64019404 T _semihost_test_vector_next
64019450 T semihosting_init
6401957c T fdt_reset_init
640195a8 T ae350_system_reset_check
640195c8 T atcwdt200_reset_init
6401966c T ae350_system_reset
640196fc T gpio_reset_init
640198b4 T gpio_system_poweroff_check
640198f0 T gpio_system_restart_check
64019934 T gpio_reset_exec
640199a4 T gpio_system_poweroff
640199dc T gpio_system_restart
64019a18 T htif_reset_init
64019ad0 T sg2042_mcu_reset_check
64019b14 T sg2042_mcu_reset
64019ba4 T sg2042_mcu_reset_init
64019cc4 T sunxi_wdt_system_reset_check
64019ce4 T sunxi_wdt_system_reset
64019d1c T sunxi_wdt_reset_init
64019d80 T syscon_reset_init
6401a008 T syscon_reset_exec
6401a034 T syscon_do_poweroff
6401a06c T syscon_do_reboot
6401a0a8 T syscon_poweroff_check
6401a0e8 T syscon_reboot_check
6401a130 T rpmi_system_reset_check
6401a178 T rpmi_system_reset
6401a1f0 T rpmi_reset_init
6401a2a8 T fdt_regmap_get_by_phandle
6401a39c T fdt_regmap_get
6401a450 T regmap_syscon_read_8
6401a484 T regmap_syscon_write_8
6401a4b0 T regmap_syscon_read_16
6401a4e8 T regmap_syscon_write_16
6401a514 T regmap_syscon_read_32
6401a544 T regmap_syscon_write_32
6401a570 T regmap_syscon_read_be16
6401a5c8 T regmap_syscon_write_be16
6401a610 T regmap_syscon_read_be32
6401a6a0 T regmap_syscon_write_be32
6401a6fc T regmap_syscon_init
6401a9d4 T regmap_syscon_write_le32
6401aa00 T regmap_syscon_read_le16
6401aa38 T regmap_syscon_write_le16
6401aa64 T regmap_syscon_read_le32
6401aa94 T regmap_find
6401aae4 T regmap_add
6401ab5c T regmap_update_bits
6401ac90 T fdt_mpxy_init
6401acbc T mpxy_mbox_read_attributes
6401ad20 T mpxy_mbox_write_attributes
6401ad60 T mpxy_mbox_get_notifications
6401ad7c T __mpxy_mbox_send_message
6401af08 T mpxy_mbox_send_message_withoutresp
6401af38 T mpxy_mbox_send_message_withresp
6401af5c T mpxy_mbox_init
6401b15c T fdt_mailbox_request_chan
6401b2d8 T fdt_mailbox_simple_xlate
6401b310 T mbox_controller_find
6401b364 T mbox_controller_add
6401b3f4 T mbox_controller_remove
6401b4c0 T mbox_controller_request_chan
6401b5dc T mbox_controller_free_chan
6401b650 T mbox_chan_xfer
6401b724 T rpmi_normal_request_with_status
6401b7ec T rpmi_posted_request
6401b86c T rpmi_shmem_mbox_free_chan
6401b89c T rpmi_shmem_mbox_xfer
6401bec0 T rpmi_shmem_mbox_request_chan
6401bf84 T rpmi_shmem_mbox_init
6401c5b4 T shl
6401c624 T __qdivrem
6401cab0 T __umoddi3
6401cae0 T fdt_ro_probe_
6401cc2c T fdt_offset_ptr
6401cd28 T fdt_next_tag
6401cee0 T fdt_check_node_offset_
6401cf2c T fdt_check_prop_offset_
6401cf78 T fdt_next_node
6401d0f4 T fdt_first_subnode
6401d138 T fdt_next_subnode
6401d1ac T fdt_find_string_
6401d258 T fdt_move
6401d2f4 T fdt_mem_rsv
6401d384 T fdt_get_property_by_offset_
6401d44c T fdt_get_string
6401d628 T fdt_get_property_namelen_
6401d80c T fdt_num_mem_rsv
6401d8f4 T fdt_get_name
6401da18 T fdt_subnode_offset_namelen
6401db7c T fdt_subnode_offset
6401dbdc T fdt_get_property
6401dcb0 T fdt_getprop_namelen
6401dd70 T fdt_path_offset_namelen
6401df0c T fdt_path_offset
6401df5c T fdt_getprop
6401dfcc T fdt_get_phandle
6401e0fc T fdt_find_max_phandle
6401e194 T fdt_supernode_atdepth_offset
6401e2c4 T fdt_parent_offset
6401e348 T fdt_node_offset_by_phandle
6401e3e8 T fdt_stringlist_contains
6401e4c0 T fdt_stringlist_count
6401e590 T fdt_stringlist_get
6401e690 T fdt_node_check_compatible
6401e730 T fdt_node_offset_by_compatible
6401e81c T fdt_irqchip_init
6401e920 T irqchip_aplic_cold_init
6401e9dc T irqchip_imsic_cold_init
6401ec08 T irqchip_plic_cold_init
6401ee64 T aplic_writel_msicfg
6401ef38 T aplic_cold_irqchip_init
6401f288 T imsic_ipi_send
6401f33c T imsic_external_irqfn
6401f3c8 T imsic_map_hartid_to_data
6401f484 T imsic_local_irqchip_init
6401f4fc T imsic_warm_irqchip_init
6401f608 T imsic_data_check
6401f700 T imsic_cold_irqchip_init
6401f828 T plic_context_init.constprop.0
6401f8b0 T plic_warm_irqchip_init
6401f96c T plic_get
6401f998 T plic_suspend
6401fa98 T plic_resume
6401fbbc T plic_cold_irqchip_init
6401fdbc T fdt_ipi_init
6401fdf4 T ipi_mswi_cold_init
6401ff1c T fdt_plicsw_cold_ipi_init
6401ff68 T i2c_adapter_find
6401ffb8 T i2c_adapter_add
64020030 T i2c_adapter_write
64020070 T i2c_adapter_read
640200b0 T fdt_i2c_adapter_get
64020170 T sifive_i2c_init
64020258 T sifive_i2c_adapter_poll
6402031c T sifive_i2c_adapter_write
640204cc T sifive_i2c_adapter_read
640206d8 T fdt_dw_i2c_init
640207a8 T dw_i2c_adapter_read
64020974 T dw_i2c_adapter_write
64020b6c T dw_i2c_init
64020bac T fdt_hsm_init
64020bd8 T rpmi_hsm_do_fixup
64020c8c T rpmi_hsm_cold_init
64021198 T rpmi_hsm_start
64021260 T rpmi_hsm_stop
64021340 T rpmi_hsm_suspend
6402147c T fdt_gpio_pin_get
640215c8 T fdt_gpio_simple_xlate
64021618 T dw_gpio_direction_output
6402169c T dw_gpio_set
64021704 T dw_gpio_init_bank
64021918 T sifive_gpio_direction_output
640219bc T sifive_gpio_set
64021a30 T sifive_gpio_init
64021b2c T starfive_gpio_direction_output
64021b84 T starfive_gpio_set
64021be4 T starfive_gpio_init
64021ce0 T gpio_chip_find
64021d30 T gpio_chip_add
64021da8 T gpio_direction_input
64021dfc T gpio_direction_output
64021e60 T gpio_set
64021ec8 T __fixup_disable_devices
6402203c T __fixup_find_domain_offset
640220bc T __fdt_parse_region
640222a4 T __fixup_count_disable_devices
64022314 T fdt_iterate_each_domain
64022434 T fdt_iterate_each_memregion
64022678 T __fdt_parse_domain
64022d80 T fdt_domain_fixup
64022fcc T fdt_domains_populate
64023118 T fdt_pmu_get_select_value
64023188 T fdt_pmu_fixup
64023264 T fdt_pmu_setup
64023688 T fdt_match_node
64023734 T fdt_find_match
64023808 T fdt_parse_phandle_with_args
64023a78 T fdt_get_node_addr_size
64023eac T fdt_parse_uart_node_common
64024060 T fdt_get_node_addr_size_by_name
64024190 T fdt_node_is_enabled
64024230 T fdt_parse_hart_id
64024398 T fdt_parse_timebase_frequency
6402447c T fdt_parse_isa_extensions
640248f0 T fdt_parse_gaisler_uart_node
64024920 T fdt_parse_renesas_scif_node
64024954 T fdt_parse_shakti_uart_node
64024988 T fdt_parse_sifive_uart_node
640249b8 T fdt_parse_uart_node
64024b58 T fdt_parse_xlnx_uartlite_node
64024b84 T fdt_check_imsic_mlevel
64024cb8 T fdt_parse_imsic_node
64025104 T fdt_parse_aplic_node
64025704 T fdt_parse_plic_node
64025804 T fdt_parse_aclint_node
64025bd8 T fdt_parse_plmt_node
64025e04 T fdt_parse_plicsw_node
64026030 T fdt_parse_compat_addr
640260a0 T fdt_driver_init_by_offset
64026244 T fdt_driver_init_scan
6402632c T fdt_driver_init_all
64026354 T fdt_driver_init_one
6402637c T fdt_fixup_node
640264e4 T fdt_add_cpu_idle_states
640269b8 T fdt_cpu_fixup
64026b64 T fdt_plic_fixup
64026c74 T fdt_reserved_memory_fixup
640270e4 T fdt_register_general_fixup
64027168 T fdt_fixups
64027238 T fdt_cppc_init
64027264 T rpmi_cppc_write
6402747c T rpmi_cppc_cold_init
64027850 T rpmi_cppc_probe
64027914 T rpmi_cppc_read
640279dc T thead_c9xx_pmu_ctr_disable_irq
64027a00 T thead_c9xx_pmu_irq_bit
64027a1c T thead_c9xx_pmu_ctr_enable_irq
64027a50 T thead_c9xx_register_pmu_device
64027a7c T thead_generic_extensions_init
64027abc T thead_generic_early_init
64027afc T pm_system_reset_check
64027b38 T starfive_jh7110_cold_boot_allowed
64027b78 T starfive_jh7110_fw_init
64027c2c T starfive_jh7110_final_init
64027c70 T pm_reset_init
64027e88 T pm_system_reset
64028038 T sophgo_sg2042_extensions_init
64028060 T sophgo_sg2042_early_init
640280c4 T sifive_fu540_tlbr_flush_limit
640280e4 T da9063_system_reset_check
64028128 T sifive_fu740_tlbr_flush_limit
64028148 T da9063_reset_init
64028240 T i2c_adapter_reg_read
64028284 T sifive_fu740_final_init
640282f4 T da9063_system_reset
640284d8 T renesas_rzfive_final_init
6402850c T renesas_rzfive_early_init
64028540 T andes_pma_write_num
64028638 T andes_pma_read_num
64028730 T andes_pma_setup
6402882c T decode_pmaaddrx
640288f0 T andes_pma_setup_regions
64028e38 T andes_sbi_probe_pma
64028e5c T andes_sbi_set_pma
64029060 T andes_sbi_free_pma
640291a4 T sbi_domain_context_init
640291d0 T sbi_domain_context_deinit
640291fc T sbi_domain_cleanup_data
640292b8 T domain_setup_data_one
640293bc T sbi_domain_setup_data
64029470 T sbi_domain_unregister_data
64029588 T sbi_domain_register_data
640296e8 T hpm_allowed
640297c8 T sbi_emulate_csr_read
6402a47c T sbi_emulate_csr_write
6402a50c T mtimer_time_rd32
6402a53c T mtimer_time_wr32
6402a568 T mtimer_value
6402a5b8 T mtimer_event_stop
6402a620 T mtimer_event_start
6402a688 T aclint_mtimer_sync
6402a7ec T aclint_mtimer_warm_init
6402a874 T aclint_mtimer_set_reference
6402a8a0 T aclint_mtimer_cold_init
6402ab48 T plmt_timer_value
6402ab7c T plmt_timer_event_stop
6402abcc T plmt_timer_event_start
6402ac18 T plmt_warm_timer_init
6402ac80 T plmt_cold_timer_init
6402acec T htif_getc
6402ad08 T htif_system_reset_check
6402ad24 T htif_system_reset
6402ad8c T __check_fromhost
6402ae18 T htif_putc
6402afd4 T htif_serial_init
6402b060 T htif_system_reset_init
6402b0ec T fdt_address_cells
6402b188 T fdt_size_cells
6402b21c T fdt_blocks_misordered_
6402b334 T fdt_rw_probe_
6402b418 T fdt_splice_
6402b50c T fdt_packblocks_
6402b6e0 T fdt_splice_struct_
6402b7e4 T fdt_add_property_
6402bb58 T fdt_setprop_placeholder
6402bcb0 T fdt_setprop
6402bd3c T fdt_delprop
6402bdfc T fdt_add_subnode_namelen
6402bf70 T fdt_add_subnode
6402bfd0 T fdt_open_into
6402c2ec T fdt_nop_property
6402c350 T fdt_nop_node
6402c420 T mswi_ipi_send
6402c4a0 T mswi_ipi_clear
6402c4f0 T aclint_mswi_cold_init
6402c668 T plicsw_ipi_send
6402c710 T plicsw_ipi_clear
6402c768 T plicsw_cold_ipi_init
6402c83c T thead_register_tlb_flush_trap_handler
