# gate    : byte_neutrality_OFF_A1
# package : P7
# command : bash scripts/p7_off_neutrality.sh <worktree> ; bash scripts/cli_dfdrop_test.sh ro (in that worktree)
# HEAD    : a0ac457
# when    : 2026-08-05 13:28:30 WEDT
# note    : verdict only -- the full transcript is regenerated by the
#           command above (verification/evidence/README.md)
# ----------------------------------------------------------------
--- bash scripts/p7_off_neutrality.sh <worktree>   (rc=0, HEAD 3d1db04) ---
[12:50:06] main tree HEAD 3d1db04; worktree <worktree> (mode: all)
[12:50:06] worktree at 3d1db04
151:	localparam bit CT_EN_DEVICE_ID    = 0;
169:	localparam bit CT_EN_WATCHPOINT_MSG = 0;
227:	localparam bit CT_EN_TRIG_REGS    = 0;
260:	localparam bit CT_EN_DF_DROP      = 0;
[12:50:13] reference family: REF_FINAL_caps22_20260804-2123_4ee06f3.txt (CAPS 0x27ffbf, minted 20260804-2123 at HEAD 4ee06f3)
[12:50:14] this build emits CAPS 0x27ffbf -- switches off: CT_EN_TRIG_REGS CT_EN_DF_DROP CT_EN_DEVICE_ID CT_EN_WATCHPOINT_MSG
[12:51:34]   cli_ir: PASS
[12:54:08]   cli_rh: PASS
[12:55:29]   cli_rb: PASS
[13:01:48]   cli_jtc: PASS
[13:03:11]   cli_bp: PASS
[13:15:26]   cli_robust: PASS
[13:16:07]   cli_dbg: PASS
[13:17:12]   cli_ibhs: PASS
[13:19:48]   cli_rpti: PASS
[13:20:50]   cli_tso: PASS
[13:22:09]   cli_cfg: PASS
[13:22:16] NO_TSTAMP leg: ok (d8661d27e971389070b0273efadd62a5)
[13:22:23] OFF manifest: 31 artefacts
[13:22:23] BYTE NEUTRALITY: IDENTICAL (31 of 31 artefacts)
[13:22:23] cli failures: 0
[13:22:23] OVERALL: PASS

--- family selection, machine-readable (same run) ---
FAMILY=<repo>/verification/ref_final/REF_FINAL_caps22_20260804-2123_4ee06f3.txt
FAMILY_FILE=REF_FINAL_caps22_20260804-2123_4ee06f3.txt
FAMILY_CAPS=0x27ffbf
FAMILY_WIDTH=22
FAMILY_MINTED=20260804-2123
FAMILY_HEAD=4ee06f3
BUILD_CAPS=0x27ffbf
BUILD_CAPS_WIDTH=23

--- bash scripts/cli_dfdrop_test.sh ro   (rc=0, in that switched-off worktree) ---
RO   [df_drop_tb] eTIP CVS max fill reached: 128 of 128
in-sim status contract passed (ro)            : PASS (1)
DataDropEna write refused (RO probe)          : PASS (1)
NO data-only marker with the feature out      : PASS (0)
generic overflow Error present                : PASS (1)
generic overflow re-anchor SYNC=7             : PASS (1)
generic-overflow ECODE seen: 0x2e (profile-gated bitmask)
generic ECODE names the CF class (bit 2)      : PASS (1)
CAPS.22 clear (feature compiled out)          : PASS (0)
ENAB.22 clear (nothing to announce)           : PASS (0)
RO leg loses PCs (queue overran)              : PASS (338 of 760)
OVERALL: PASS
