# gate    : formal_preproc_sync_A2
# package : P7
# command : TARGETS=preproc_sync FORMAL_TIMEOUT=10800 bash ci/run_stage2b_formal.sh ; MUTATE="s/cs_tip\.trTeTrigExtInAction0/4'd0/g" bash formal/preproc_sync/run.sh prove ; MUTATE="s/cs_tip\.trTeInstTrigEnable/1'b1/g" bash formal/preproc_sync/run.sh prove
# HEAD    : 3d1db04
# when    : 2026-08-05 12:55:32 WEDT
# note    : verdict only -- the full transcript is regenerated by the
#           command above (verification/evidence/README.md)
# ----------------------------------------------------------------
=== 1. UNMUTATED, all six tasks (worktree p7fix @ 79ab613, wrapper identical to HEAD) ===
SBY 12:28:54 [preproc_sync_quota] DONE (PASS, rc=0)
SBY 12:29:05 [preproc_sync_livecover] DONE (PASS, rc=0)
SBY 12:29:11 [preproc_sync_live] DONE (PASS, rc=0)
SBY 12:29:18 [preproc_sync_cover] DONE (PASS, rc=0)
SBY 12:29:18 [preproc_sync_quotacover] DONE (PASS, rc=0)
SBY 12:29:19 [preproc_sync_prove] summary: successful proof by k-induction.
SBY 12:29:19 [preproc_sync_prove] DONE (PASS, rc=0)
========== STAGE-2b-SUMMARY ==========
PASS  preproc_sync (prove cover live livecover quota quotacover)
  cover witness C_trig_action4 (SYNC=6 from the TCI action ALONE, InstTrigEnable off):
  SBY 12:29:18 [preproc_sync_cover] summary:   reached cover statement f_preproc_check._witness_.check_cover_preproc_sync_formal_v_1315_320 at preproc_sync_formal.v:1315.4-1315.69 step 4

=== 2. UNMUTATED at HEAD 3d1db04 (prove) ===
SBY 12:54:07 [preproc_sync_prove] summary: successful proof by k-induction.
SBY 12:54:07 [preproc_sync_prove] DONE (PASS, rc=0)
GREEN rc=0

=== 3. MUT-F1 at HEAD -- the TCI action removed from the RTL. ACCEPTANCE: must be RED ===
########## MUT-F1 at HEAD: DUT ignores the TCI trigger action (cs_tip.trTeTrigExtInAction0 -> 4'd0)
SBY 12:54:46 [preproc_sync_prove] summary:   failed assertion f_preproc_check._witness_.check_assert_preproc_sync_formal_v_1295_261 at preproc_sync_formal.v:1295.4-1295.88 step 3
SBY 12:54:46 [preproc_sync_prove] summary:   failed assertion f_preproc_check._witness_.check_assert_preproc_sync_formal_v_1295_261 at preproc_sync_formal.v:1295.4-1295.88
SBY 12:54:46 [preproc_sync_prove] DONE (FAIL, rc=2)
MUT-F1 rc=2
  model line 1295 = A_trig_complete:
    assert ((!p_arm_trig_q || f_trig_pend) || (f_SR == sv2v_cast_4(sv2v_cast_4E625(6)))) ;

=== 4. CONTROL: the SAME mutation against the PRE-fix wrapper (52ea5c0, before P-SYNC-8) ===
########## CONTROL: MUT-F1 against the PRE-fix wrapper (52ea5c0, before P-SYNC-8)
SBY 12:32:01 [preproc_sync_prove] summary: successful proof by k-induction.
SBY 12:32:01 [preproc_sync_prove] DONE (PASS, rc=0)
MUT-F1-prefix rc=0
  -> not caught. This is the audit's finding, reproduced in my own run.

=== 5. MUT-F2 at HEAD -- TrigPending armed without any enable. Control: stays RED ===
########## MUT-F2 at HEAD: DUT arms TrigPending without any enable (cs_tip.trTeInstTrigEnable -> 1'b1)
SBY 12:55:06 [preproc_sync_prove] summary:   failed assertion f_preproc_check._witness_.check_assert_preproc_sync_formal_v_1290_226 at preproc_sync_formal.v:1290.4-1290.35 step 3
SBY 12:55:06 [preproc_sync_prove] summary:   failed assertion f_preproc_check._witness_.check_assert_preproc_sync_formal_v_1290_226 at preproc_sync_formal.v:1290.4-1290.35
SBY 12:55:06 [preproc_sync_prove] DONE (FAIL, rc=2)
MUT-F2 rc=2
  model line 1290 = A_trig_impl:
    assert (!f_trig_pend || m_trig) ;
