# gate    : guards_B1_B2_B3_mutations
# package : P7
# command : py scripts/check_profile_deps.py | check_xsim_guard.py | check_negative_legs.py, each with its mutations in a scratch copy of rtl/+scripts/
# HEAD    : 3d1db04
# when    : 2026-08-05 12:56:09 WEDT
# note    : verdict only -- the full transcript is regenerated by the
#           command above (verification/evidence/README.md)
# ----------------------------------------------------------------
--- check_profile_deps (B-3): baseline
[check_profile_deps] OK: 3 elaboration dependency(ies) (CT_EN_DF_ADDR_COMPRESS->CT_EN_DATA_TRACE, CT_EN_DF_DROP->CT_EN_DATA_TRACE, CT_EN_WATCHPOINT_MSG->CT_EN_ACT) honoured in 19 profile script(s); 3 expected pair(s) present
rc=0

--- MUT-B3a: $fatal wording 'requires' -> 'needs' (the auditor's MUT-4, which used to stay GREEN)
  [FAIL] rtl/preproc/ct_L23_preproc_composer_etip.sv:79: $fatal names several build switches but does not parse as `CT_EN_A requires CT_EN_B` -- a reworded guard would be dropped SILENTLY. Restore the wording or list the phrase in UNPARSED_OK. Message: ct_L23_preproc_composer_etip: CT_EN_DF_DROP needs CT_EN_DATA_TRACE (there is no data trace to drop)
  [FAIL] expected dependency CT_EN_DF_DROP -> CT_EN_DATA_TRACE is no longer readable from the RTL. Either the elaboration $fatal was reworded (restore `CT_EN_DF_DROP requires CT_EN_DATA_TRACE`) or the guard was removed on purpose (then drop the pair from EXPECTED_DEPS in the same change).
[check_profile_deps] 2 failure(s)
rc=1

--- MUT-B3b: a dependency guard deleted outright
  [FAIL] expected dependency CT_EN_DF_ADDR_COMPRESS -> CT_EN_DATA_TRACE is no longer readable from the RTL. Either the elaboration $fatal was reworded (restore `CT_EN_DF_ADDR_COMPRESS requires CT_EN_DATA_TRACE`) or the guard was removed on purpose (then drop the pair from EXPECTED_DEPS in the same change).
[check_profile_deps] 1 failure(s)
rc=1

--- restore
[check_profile_deps] OK: 3 elaboration dependency(ies) (CT_EN_DF_ADDR_COMPRESS->CT_EN_DATA_TRACE, CT_EN_DF_DROP->CT_EN_DATA_TRACE, CT_EN_WATCHPOINT_MSG->CT_EN_ACT) honoured in 19 profile script(s); 3 expected pair(s) present
rc=0

--- check_xsim_guard (B-2): baseline
[check_xsim_guard] OK: 32 script(s) drive xsim, all through ct_xsim/ct_xsim_ok; no bare xsim call outside scripts/ct_env.sh
rc=0

--- MUT-X1: a new gate script with a bare xsim call
  [FAIL] scripts/cli_newgate_test.sh:5: bare `xsim` call -- use `ct_xsim <log> <args...>` (scripts/ct_env.sh). A bare xsim reports a failed start only in its log and exits 0, so the next `cp` promotes the previous leg's dump (P7 finding R4 / audit B-2).
[check_xsim_guard] 1 failure(s)
rc=1

--- MUT-X2: helper used, ct_env.sh not sourced
  [FAIL] scripts/cli_newgate_test.sh: calls ct_xsim but never sources scripts/ct_env.sh -- the helper would not exist
[check_xsim_guard] 1 failure(s)
rc=1

--- ct_xsim_ok against the PRESERVED real failure log of R4 (wrong Vivado, exit code 0)
ct_env: xsim did not start (log: bld/p7r_nots_run1_wrong_vivado.log):
  ERROR: [Simtcl 6-50] Simulation engine failed to start: Simulation exited with status code -1073741511.
verdict rc=1
--- ct_xsim_ok against a healthy log
verdict rc=0

--- check_negative_legs (B-1): baseline
[check_negative_legs] OK: 24 profile switch(es); 2 with a compiled-out negative leg, 22 waived with a reason
rc=0

--- MUT-N1: a new profile switch without a leg and without a waiver
  [FAIL] CT_EN_NEW_FEATURE has an RDL profile override (CT_PROFILE_NO_NEW_FEATURE) but no compiled-out negative and no waiver. Either add the leg (pattern: `bash scripts/cli_trigregs_test.sh ro` -- switch at 0, RDL profile regenerated, the field must read back 0 and the feature must produce nothing) and register it in NEGATIVE_LEGS, or add a WAIVED entry saying why not. Silence is what let this gap through twice (P9 F2, P7 B-1).
[check_negative_legs] 1 failure(s)
rc=1

--- MUT-N2: the DF_DROP compiled-out leg silently removed
  [FAIL] CT_EN_DF_DROP: scripts/cli_dfdrop_test.sh no longer contains the leg's verdict marker 'compiled-out RO probe: DataDropEna refused' -- the compiled-out negative was removed or renamed (run: bash scripts/cli_dfdrop_test.sh ro)
[check_negative_legs] 1 failure(s)
rc=1

--- restore
[check_negative_legs] OK: 24 profile switch(es); 2 with a compiled-out negative leg, 22 waived with a reason
rc=0
