# gate    : sim_gates_full_profile
# package : P7
# command : bash scripts/cli_trigregs_test.sh ; bash scripts/cli_dfdrop_test.sh ; bash scripts/cli_pausedge_test.sh  (main tree, full profile -- regression for the ct_xsim conversion and the leg_policy TB change)
# HEAD    : 424f563
# when    : 2026-08-05 13:39:03 WEDT
# note    : verdict only -- the full transcript is regenerated by the
#           command above (verification/evidence/README.md)
# ----------------------------------------------------------------
--- bash scripts/cli_trigregs_test.sh  (rc=0) ---
off lossless vs own reference               : PASS (59 PCs)
legacy lossless vs own reference            : PASS (59 PCs)
notify lossless vs own reference            : PASS (59 PCs)
both lossless vs own reference              : PASS (59 PCs)
offact lossless vs own reference            : PASS (35 PCs)
onact lossless vs own reference             : PASS (26 PCs)
WARL probes OK (off)                        : PASS (1)
WARL probes OK (legacy)                     : PASS (1)
WARL probes OK (notify)                     : PASS (1)
WARL probes OK (both)                       : PASS (1)
WARL probes OK (offact)                     : PASS (1)
WARL probes OK (onact)                      : PASS (1)
OFF: no marker (Action0=0, TrigEn=0)        : PASS (0)
LEGACY: exactly one marker                  : PASS (1)
NOTIFY: exactly one marker (Action0=4)      : PASS (1)
BOTH: still exactly ONE marker (de-dup)     : PASS (1)
OFFACT traces less than baseline            : PASS (35 < 59)
ONACT traces less than baseline             : PASS (26 < 59)
OFFACT trace-off correlation (TCODE 33)     : PASS (1)
ONACT emits TRACE_ENABLE (SYNC=5)           : PASS (1)
OFF baseline has no extra ENABLE            : PASS (0)
legacy == notify (TCODE + SYNC sequence)    : PASS
legacy^notify ENAB delta == bit 13 only     : PASS (0x2000)
legacy stream == both stream (bytes)        : PASS
OVERALL: PASS

--- bash scripts/cli_dfdrop_test.sh  (rc=0) ---
in-sim status contract passed (off)           : PASS (1)
in-sim status contract passed (drop)          : PASS (1)
expected PCs (cpu_model) : 760
OFF  decoded PCs         : 338
DROP decoded PCs         : 760
OFF  [df_drop_tb] eTIP CVS max fill reached: 128 of 128
DROP [df_drop_tb] eTIP CVS max fill reached: 116 of 128
DROP leg PC-lossless vs oracle                : PASS (760 PCs)
OFF leg loses PCs (queue overran)             : PASS (338 of 760)
OFF: generic overflow Error present           : PASS (1)
OFF: generic overflow re-anchor SYNC=7        : PASS (1)
DROP: exactly ONE Error marker                : PASS (1)
DROP: NO SYNC=7 re-anchor                     : PASS (0)
DROP: ECODE == 0x02 (data trace only)         : PASS (1)
DROP: no full-class ECODE 0x2f                : PASS (0)
OFF: full-class ECODE 0x2f present            : PASS (1)
OFF: no data-only ECODE 0x02 (negative)       : PASS (0)
data-trace messages: OFF=261 DROP=226
DROP sheds data trace but keeps some          : PASS (226 < 261)
ENAB.22 clear in OFF leg                      : PASS (0)
ENAB.22 set in DROP leg                       : PASS (1)
CAPS.22 set (feature compiled in)             : PASS (1)
OVERALL: PASS

--- bash scripts/cli_pausedge_test.sh  (rc=0) -- smoke for the '-R' call style, which
    ct_xsim also had to keep working (no -tclbatch, run-all straight away) ---
P0 PASS: control leg: Decoded OK, 1 correlation messages (stop only)
P1 PASS: 9 correlations (pauses active)
P2 PASS: Decoded OK (4984 PCs)
P3 PASS: pause-edge contract holds (only config between correlation and sync, sync ICNT=0)
CHECK OK: 4974 transitions legal (9 segment boundaries, 5464 expected PCs)
P4 PASS
