# gate    : stage1_and_lint
# package : P7
# command : make check-flags check-discovery check-profile-deps check-xsim check-negative-legs doc-check ; bash ci/run_stage1_host.sh
# HEAD    : b80f818
# when    : 2026-08-05 12:58:30 WEDT
# note    : verdict only -- the full transcript is regenerated by the
#           command above (verification/evidence/README.md)
# ----------------------------------------------------------------
--- make lint guards (five, all rc=0) ---
[check_feature_flags] OK: 32 CT_EN_* switches, 147 RDL fields (1 type anchor(s), 2 external memory(ies)), CAPS width 23, ENAB 23 bits, 48 matrix + 8 compression-table rows checked
[check_protocol_discovery] OK: 2 discovery fields hw-driven (RDL sw=r/hw=w, wb shim from EN_ETRACE, generated block read-only from hwif_in, micro-CSR twin identical)
[check_profile_deps] OK: 3 elaboration dependency(ies) (CT_EN_DF_ADDR_COMPRESS->CT_EN_DATA_TRACE, CT_EN_DF_DROP->CT_EN_DATA_TRACE, CT_EN_WATCHPOINT_MSG->CT_EN_ACT) honoured in 19 profile script(s); 3 expected pair(s) present
[check_xsim_guard] OK: 33 script(s) drive xsim, all through ct_xsim/ct_xsim_ok; no bare xsim call outside scripts/ct_env.sh
[check_negative_legs] OK: 24 profile switch(es); 2 with a compiled-out negative leg, 22 waived with a reason

--- make doc-check ---
  [PASS] doc/architecture.adoc
  [PASS] doc/development.adoc
  [PASS] doc/enhanced-features.adoc
  [PASS] doc/integration.adoc
  [PASS] doc/release-notes.adoc
  [PASS] doc/trace-format.adoc
  [PASS] doc/verification.adoc

--- ci/run_stage1_host.sh (rc=0) ---
### [1/3] NexRv build
### [2/3] feature-flag, discovery, profile-dependency and xsim-launch drift guards
  [PASS] check_feature_flags
  [PASS] check_protocol_discovery
  [PASS] check_profile_deps
  [PASS] check_xsim_guard
  [PASS] check_negative_legs
### [3/3] decoder regression corpus
  [PASS] allgreen_mix_calls (Decoded OK 344480)
  [PASS] allgreen_stop_flush (Decoded OK 8965929)
  [PASS] allgreen_win_pause (Decoded OK 450774)
